==> README renders from the template
    rendered 34 measurement(s) into README.md
  ok  every placeholder resolved against data/results
==> no placeholder sits inside a markdown table
  ok  placeholders live in prose and lists only
==> no number in the README was typed by hand
      34 measured value(s) via placeholders
      6 external figure(s) cited to docs/SOURCES.md
      README.md is current and every number resolves from data/results
  ok  README.md is current and fully sourced
==> the rendered README is committed
  ok  no drift between template and rendered file
==> graphics are generated, not drawn by hand
      wrote docs/assets/logo.svg
      wrote docs/assets/logo-seal.svg
      wrote docs/assets/logo-wordmark.svg
      wrote docs/assets/banner.svg
      wrote docs/assets/attack.svg
      wrote docs/assets/mechanism.svg
      wrote docs/assets/precision.svg
      wrote docs/assets/census.svg
  ok  diagrams and charts rebuild to the committed bytes
==> every link in the README resolves
    all relative links and anchors resolve
  ok  nothing points at a file or heading that does not exist
==> the README points at real contract lines
    11 contract line anchors all resolve to real code
  ok  reviewers can verify every claim at the line that makes it
==> quoted source matches the file it cites
    1 quoted block(s) match the contract
  ok  the code the README shows is the code that runs
==> the repository is publishable
  ok  MIT licensed, .env untracked, no credential anywhere in history
==> FEEDBACK.md has the four required sections
  ok  all four sections present
==> the README states its limits
  ok  limits and the measurement's own error are published
==> the headline uses an honest denominator
    4 divergent of 25 eligible; ~48% of charged fills are error
  ok  denominator and error published next to the number
