==> contracts build with the pinned toolchain
No files changed, compilation skipped
note[screaming-snake-case-immutable]: immutables should use SCREAMING_SNAKE_CASE
  --> src/HookBook.sol:67:31
   |
67 |     bytes32 private immutable _domainSeparator;
   |                               ^^^^^^^^^^^^^^^^ help: consider using: `_DOMAIN_SEPARATOR`
   |
   = help: https://book.getfoundry.sh/reference/forge/forge-lint#screaming-snake-case-immutable

note[screaming-snake-case-immutable]: immutables should use SCREAMING_SNAKE_CASE
  --> test/fixtures/ToxicHooks.sol:57:30
   |
57 |     address public immutable friendlyOrigin;
   |                              ^^^^^^^^^^^^^^ help: consider using: `FRIENDLY_ORIGIN`
   |
   = help: https://book.getfoundry.sh/reference/forge/forge-lint#screaming-snake-case-immutable

note[screaming-snake-case-immutable]: immutables should use SCREAMING_SNAKE_CASE
  --> test/fixtures/BaseTestHook.sol:19:35
   |
19 |     IPoolManager public immutable poolManager;
   |                                   ^^^^^^^^^^^ help: consider using: `POOL_MANAGER`
   |
   = help: https://book.getfoundry.sh/reference/forge/forge-lint#screaming-snake-case-immutable

note[unused-import]: unused imports should be removed
  --> test/unit/SwornRouter.t.sol:10:20
   |
10 | import {Candidate, SwornParams, SwornRouter} from "../../src/SwornRouter.sol";
   |                    ^^^^^^^^^^^
   |
   = help: https://book.getfoundry.sh/reference/forge/forge-lint#unused-import

note[unused-import]: unused imports should be removed
  --> test/unit/SwornRouter.t.sol:10:33
   |
10 | import {Candidate, SwornParams, SwornRouter} from "../../src/SwornRouter.sol";
   |                                 ^^^^^^^^^^^
   |
   = help: https://book.getfoundry.sh/reference/forge/forge-lint#unused-import

note[unused-import]: unused imports should be removed
 --> test/unit/SwornRoutes.t.sol:4:9
  |
4 | import {IHooks} from "v4-core/src/interfaces/IHooks.sol";
  |         ^^^^^^
  |
  = help: https://book.getfoundry.sh/reference/forge/forge-lint#unused-import

warning[unsafe-typecast]: typecasts that can truncate values should be checked
  --> test/unit/SwornRoutes.t.sol:55:29
   |
55 |         p.amountSpecified = int256(wantOut);
   |                             ^^^^^^^^^^^^^^^
   |
   = note: consider disabling this lint if you're certain the cast is safe
           
           // casting to 'int256' is safe because [explain why]
           // forge-lint: disable-next-line(unsafe-typecast)
           
           
   = help: https://book.getfoundry.sh/reference/forge/forge-lint#unsafe-typecast

warning[unsafe-typecast]: typecasts that can truncate values should be checked
   --> test/unit/SwornRoutes.t.sol:105:22
    |
105 |             assertEq(bytes4(reason), SwornRouter.ExcessiveInput.selector, "wrong error");
    |                      ^^^^^^^^^^^^^^
    |
    = note: consider disabling this lint if you're certain the cast is safe
            
            // casting to 'bytes4' is safe because [explain why]
            // forge-lint: disable-next-line(unsafe-typecast)
            
            
    = help: https://book.getfoundry.sh/reference/forge/forge-lint#unsafe-typecast

note[unsafe-cheatcode]: usage of unsafe cheatcodes that can perform dangerous operations
   --> test/unit/SwornTestBase.sol:131:32
    |
131 |         if (vm.exists(obs)) vm.removeFile(obs);
    |                                ^^^^^^^^^^
    |
    = help: https://book.getfoundry.sh/reference/forge/forge-lint#unsafe-cheatcode

warning[unsafe-typecast]: typecasts that can truncate values should be checked
   --> test/unit/SwornInvariants.t.sol:190:31
    |
190 |         sworn.runRoute(hops, -int256(SWAP_AMOUNT), false);
    |                               ^^^^^^^^^^^^^^^^^^^
    |
    = note: consider disabling this lint if you're certain the cast is safe
            
            // casting to 'int256' is safe because [explain why]
            // forge-lint: disable-next-line(unsafe-typecast)
            
            
    = help: https://book.getfoundry.sh/reference/forge/forge-lint#unsafe-typecast

note[screaming-snake-case-immutable]: immutables should use SCREAMING_SNAKE_CASE
  --> src/SwornRouter.sol:69:35
   |
69 |     IPoolManager public immutable poolManager;
   |                                   ^^^^^^^^^^^ help: consider using: `POOL_MANAGER`
   |
   = help: https://book.getfoundry.sh/reference/forge/forge-lint#screaming-snake-case-immutable

note[screaming-snake-case-immutable]: immutables should use SCREAMING_SNAKE_CASE
  --> src/SwornRouter.sol:70:41
   |
70 |     ISignatureTransfer public immutable permit2;
   |                                         ^^^^^^^ help: consider using: `PERMIT2`
   |
   = help: https://book.getfoundry.sh/reference/forge/forge-lint#screaming-snake-case-immutable

note[unused-import]: unused imports should be removed
 --> test/unit/SwornNative.t.sol:9:9
  |
9 | import {PoolKey} from "v4-core/src/types/PoolKey.sol";
  |         ^^^^^^^
  |
  = help: https://book.getfoundry.sh/reference/forge/forge-lint#unused-import

note[unwrapped-modifier-logic]: wrap modifier logic to reduce code size
   --> src/HookBook.sol:106:5
    |
106 | /     modifier onlyOwner() {
107 | |         if (msg.sender != owner) revert NotOwner();
108 | |         _;
109 | |     }
    | |_____^
    |
help: wrap modifier logic to reduce code size
    |
106 ~     modifier onlyOwner() {
107 +         _onlyOwner();
108 +         _;
109 +     }
110 + 
111 +     function _onlyOwner() internal {
112 +         if (msg.sender != owner) revert NotOwner();
113 +     }
    |
    = help: https://book.getfoundry.sh/reference/forge/forge-lint#unwrapped-modifier-logic

note[screaming-snake-case-immutable]: immutables should use SCREAMING_SNAKE_CASE
  --> test/fixtures/NaiveRouter.sol:22:35
   |
22 |     IPoolManager public immutable poolManager;
   |                                   ^^^^^^^^^^^ help: consider using: `POOL_MANAGER`
   |
   = help: https://book.getfoundry.sh/reference/forge/forge-lint#screaming-snake-case-immutable

note[screaming-snake-case-const]: constants should use SCREAMING_SNAKE_CASE
  --> test/fixtures/RecordingHooks.sol:24:26
   |
24 |     Vm internal constant vm = Vm(address(uint160(uint256(keccak256("hevm cheat code")))));
   |                          ^^ help: consider using: `VM`
   |
   = help: https://book.getfoundry.sh/reference/forge/forge-lint#screaming-snake-case-const

warning[unsafe-typecast]: typecasts that can truncate values should be checked
  --> test/unit/SwornNative.t.sol:49:31
   |
49 |             amountSpecified: -int256(SWAP_AMOUNT),
   |                               ^^^^^^^^^^^^^^^^^^^
   |
   = note: consider disabling this lint if you're certain the cast is safe
           
           // casting to 'int256' is safe because [explain why]
           // forge-lint: disable-next-line(unsafe-typecast)
           
           
   = help: https://book.getfoundry.sh/reference/forge/forge-lint#unsafe-typecast

note[asm-keccak256]: use of inefficient hashing mechanism; consider using inline assembly
   --> src/HookBook.sol:206:26
    |
206 |           bytes32 digest = keccak256(
    |  __________________________^
207 | |             abi.encodePacked(
208 | |                 "\x19\x01",
209 | |                 _domainSeparator,
...   |
212 | |         );
    | |_________^
    |
    = help: https://book.getfoundry.sh/reference/forge/forge-lint#asm-keccak256

note[unused-import]: unused imports should be removed
 --> test/unit/SwornTestBase.sol:7:9
  |
7 | import {IPoolManager} from "v4-core/src/interfaces/IPoolManager.sol";
  |         ^^^^^^^^^^^^
  |
  = help: https://book.getfoundry.sh/reference/forge/forge-lint#unused-import

warning[unsafe-typecast]: typecasts that can truncate values should be checked
   --> test/unit/SwornRoutes.t.sol:203:22
    |
203 |             assertEq(bytes4(reason), SwornRouter.Divergence.selector, "wrong error");
    |                      ^^^^^^^^^^^^^^
    |
    = note: consider disabling this lint if you're certain the cast is safe
            
            // casting to 'bytes4' is safe because [explain why]
            // forge-lint: disable-next-line(unsafe-typecast)
            
            
    = help: https://book.getfoundry.sh/reference/forge/forge-lint#unsafe-typecast

note[unused-import]: unused imports should be removed
 --> test/unit/SwornGas.t.sol:8:20
  |
8 | import {Candidate, SwornParams} from "../../src/SwornRouter.sol";
  |                    ^^^^^^^^^^^
  |
  = help: https://book.getfoundry.sh/reference/forge/forge-lint#unused-import

warning[unsafe-typecast]: typecasts that can truncate values should be checked
   --> test/unit/SwornRoutes.t.sol:224:22
    |
224 |             assertEq(bytes4(reason), SwornRouter.StipendUnavailable.selector, "wrong error");
    |                      ^^^^^^^^^^^^^^
    |
    = note: consider disabling this lint if you're certain the cast is safe
            
            // casting to 'bytes4' is safe because [explain why]
            // forge-lint: disable-next-line(unsafe-typecast)
            
            
    = help: https://book.getfoundry.sh/reference/forge/forge-lint#unsafe-typecast

note[unsafe-cheatcode]: usage of unsafe cheatcodes that can perform dangerous operations
  --> script/Requote.s.sol:70:32
   |
70 |         string memory raw = vm.readFile(inputPath);
   |                                ^^^^^^^^
   |
   = help: https://book.getfoundry.sh/reference/forge/forge-lint#unsafe-cheatcode

warning[unsafe-typecast]: typecasts that can truncate values should be checked
  --> test/unit/SwornGas.t.sol:51:40
   |
51 |         naive.swap(hooklessKey, true, -int256(SWAP_AMOUNT), 0, address(this));
   |                                        ^^^^^^^^^^^^^^^^^^^
   |
   = note: consider disabling this lint if you're certain the cast is safe
           
           // casting to 'int256' is safe because [explain why]
           // forge-lint: disable-next-line(unsafe-typecast)
           
           
   = help: https://book.getfoundry.sh/reference/forge/forge-lint#unsafe-typecast

note[unsafe-cheatcode]: usage of unsafe cheatcodes that can perform dangerous operations
  --> script/Requote.s.sol:80:12
   |
80 |         vm.writeFile(outputPath, out);
   |            ^^^^^^^^^
   |
   = help: https://book.getfoundry.sh/reference/forge/forge-lint#unsafe-cheatcode

note[unsafe-cheatcode]: usage of unsafe cheatcodes that can perform dangerous operations
  --> test/fixtures/RecordingHooks.sol:44:12
   |
44 |         vm.writeLine(_path(), value);
   |            ^^^^^^^^^
   |
   = help: https://book.getfoundry.sh/reference/forge/forge-lint#unsafe-cheatcode

note[unsafe-cheatcode]: usage of unsafe cheatcodes that can perform dangerous operations
  --> test/fixtures/RecordingHooks.sol:50:16
   |
50 |         try vm.readFile(_path()) returns (string memory contents) {
   |                ^^^^^^^^
   |
   = help: https://book.getfoundry.sh/reference/forge/forge-lint#unsafe-cheatcode

note[unused-import]: unused imports should be removed
 --> test/unit/ToxicHooks.t.sol:8:20
  |
8 | import {Candidate, SwornParams, SwornRouter} from "../../src/SwornRouter.sol";
  |                    ^^^^^^^^^^^
  |
  = help: https://book.getfoundry.sh/reference/forge/forge-lint#unused-import

warning[unsafe-typecast]: typecasts that can truncate values should be checked
  --> test/unit/ToxicHooks.t.sol:63:39
   |
63 |         return naive.swap(key, true, -int256(SWAP_AMOUNT), 0, address(this));
   |                                       ^^^^^^^^^^^^^^^^^^^
   |
   = note: consider disabling this lint if you're certain the cast is safe
           
           // casting to 'int256' is safe because [explain why]
           // forge-lint: disable-next-line(unsafe-typecast)
           
           
   = help: https://book.getfoundry.sh/reference/forge/forge-lint#unsafe-typecast

note[unused-import]: unused imports should be removed
 --> test/fixtures/RecordingHooks.sol:5:9
  |
5 | import {IHooks} from "v4-core/src/interfaces/IHooks.sol";
  |         ^^^^^^
  |
  = help: https://book.getfoundry.sh/reference/forge/forge-lint#unused-import

note[unused-import]: unused imports should be removed
 --> test/fixtures/RecordingHooks.sol:9:9
  |
9 | import {BaseTestHook, SkimmingHook} from "./BaseTestHook.sol";
  |         ^^^^^^^^^^^^
  |
  = help: https://book.getfoundry.sh/reference/forge/forge-lint#unused-import

  ok  solc 0.8.26, via-IR, cancun
==> full test suite
No files changed, compilation skipped

Ran 1 test for test/unit/Bootstrap.t.sol:BootstrapTest
[PASS] test_toolchainIsWired() (gas: 3739)
Suite result: ok. 1 passed; 0 failed; 0 skipped; finished in 203.21µs (67.42µs CPU time)

Ran 2 tests for test/unit/SwornNative.t.sol:SwornNativeTest
[PASS] test_nativeIn_revertsWhenValueIsShort() (gas: 153536)
[PASS] test_nativeIn_swapsAndRefundsTheDust() (gas: 195583)
Suite result: ok. 2 passed; 0 failed; 0 skipped; finished in 1.85ms (405.54µs CPU time)

Ran 5 tests for test/unit/SwornRouter.t.sol:SwornRouterTest
[PASS] test_gaspriceSniffHook_losesTheRouteToTheHooklessPool() (gas: 610252)
[PASS] test_honestHook_isUsableJustLikeAHooklessPool() (gas: 426900)
[PASS] test_quoteAtZeroGasPriceLooksBetter_whichIsTheWholeAttack() (gas: 622934)
[PASS] test_reportSpoofGapAndRecovery() (gas: 873155)
[PASS] test_singleHooklessPool_executesAndDeliversProbedAmount() (gas: 197558)
Suite result: ok. 5 passed; 0 failed; 0 skipped; finished in 6.39ms (3.69ms CPU time)

Ran 9 tests for test/unit/SwornRoutes.t.sol:SwornRoutesTest
[PASS] test_divergenceRevertsWhenAHookBeatsTheProbe() (gas: 464139)
[PASS] test_emptyRouteReverts() (gas: 27500)
[PASS] test_exactOut_deliversExactlyTheRequestedOutput() (gas: 205408)
[PASS] test_exactOut_maxInIsEnforced() (gas: 110956)
[PASS] test_exactOut_routesAroundAToxicHook() (gas: 416549)
[PASS] test_multiHop_exactIn_chainsAmountsAndSettlesEnds() (gas: 310342)
[PASS] test_multiHop_isComparedAgainstSingleHopOnFinalOutput() (gas: 327284)
[PASS] test_stipendUnavailableWhenProbeGasExceedsWhatIsForwardable() (gas: 36244)
[PASS] test_tooManyCandidatesReverts() (gas: 857358)
Suite result: ok. 9 passed; 0 failed; 0 skipped; finished in 9.42ms (7.28ms CPU time)

Ran 19 tests for test/unit/HookBook.t.sol:HookBookTest
[PASS] testFuzz_scoreRoundTrips(uint8,uint32,uint64) (runs: 512, μ: 74451, ~: 74339)
[PASS] test_attestorCountTracksTheSet() (gas: 37796)
[PASS] test_batchLengthMismatchReverts() (gas: 15814)
[PASS] test_batchWrite() (gas: 119132)
[PASS] test_malleableSignatureIsRejected() (gas: 18220)
[PASS] test_newerUpdateReplacesTheOlder() (gas: 75465)
[PASS] test_onlyAttestorCanWrite() (gas: 16400)
[PASS] test_onlyOwnerCanManageAttestors() (gas: 13441)
[PASS] test_proofCarriesTheSnapshotHash() (gas: 66938)
[PASS] test_relayedSignedScoreIsAccepted() (gas: 78006)
[PASS] test_replayedSignatureIsRejectedByMonotonicity() (gas: 76947)
[PASS] test_revokedAttestorCannotWrite() (gas: 23761)
[PASS] test_scoreAboveMaxIsRejected() (gas: 17026)
[PASS] test_scoreWithAgeReportsStaleness() (gas: 66984)
[PASS] test_scoredCleanHookIsDistinguishableFromUnscored() (gas: 68547)
[PASS] test_signatureFromANonAttestorIsRejected() (gas: 20607)
[PASS] test_staleUpdateIsRejected() (gas: 71640)
[PASS] test_tamperedSignedScoreIsRejected() (gas: 23216)
[PASS] test_unscoredHookReadsAsInsufficientData() (gas: 20634)
Suite result: ok. 19 passed; 0 failed; 0 skipped; finished in 21.63ms (23.35ms CPU time)

Ran 2 tests for test/unit/SwornGas.t.sol:SwornGasTest
[PASS] test_gasTable() (gas: 948705)
[PASS] test_overheadScalesLinearlyInCandidates() (gas: 829383)
Suite result: ok. 2 passed; 0 failed; 0 skipped; finished in 320.77ms (2.28ms CPU time)

Ran 15 tests for test/unit/ToxicHooks.t.sol:ToxicHooksTest
[PASS] test_allCandidatesUnavailable_revertsWithNoRoute() (gas: 312696)
[PASS] test_callbackSniff_routerLooksIdenticalInBothPhases() (gas: 516345)
[PASS] test_coinbaseBasefeeSniff_swornRoutesAround() (gas: 632134)
[PASS] test_diceRollBlock_isChosenWhenTheRollIsHonest() (gas: 643988)
[PASS] test_diceRollBlock_probeSeesTheSameRollAsExecution() (gas: 631670)
[PASS] test_diceRollCounter_probeRevertRollsTheCounterBack() (gas: 539434)
[PASS] test_gasBurn_probeIsBoundedByTheStipend() (gas: 458939)
[PASS] test_gasSniff_probeAndExecutionSeeEqualGas() (gas: 513286)
[PASS] test_gasSniff_probeStateIsRolledBack() (gas: 628096)
[PASS] test_originSniff_swornRoutesAround() (gas: 633475)
[PASS] test_ownerSwitch_isUsableAgainOnceTurnedOff() (gas: 546453)
[PASS] test_ownerSwitch_swornRoutesAroundWhileToxic() (gas: 701826)
[PASS] test_revertGrief_candidateIsSkippedAndTheSwapStillSucceeds() (gas: 474068)
[PASS] test_routerWhitelist_honestToSworn_isUsed() (gas: 666506)
[PASS] test_routerWhitelist_toxicToSworn_isAvoided() (gas: 653943)
Suite result: ok. 15 passed; 0 failed; 0 skipped; finished in 320.46ms (17.92ms CPU time)

Ran 11 tests for test/unit/SwornInvariants.t.sol:SwornInvariantsTest
[PASS] testFuzz_candidateOrderDoesNotChangeTheOutcome(uint96) (runs: 512, μ: 620164, ~: 620284)
[PASS] testFuzz_executedEqualsProbed_andRouterKeepsNothing(uint96,bool,bool,uint16) (runs: 512, μ: 319894, ~: 327714)
[PASS] testFuzz_minOutIsHonoured(uint96,uint96) (runs: 512, μ: 293709, ~: 325091)
[PASS] testFuzz_moreCandidatesNeverHurts(uint96) (runs: 512, μ: 566131, ~: 566275)
[PASS] test_deadlineInThePastReverts() (gas: 31658)
[PASS] test_maxProbesLimitsWork() (gas: 287858)
[PASS] test_noCandidatesReverts() (gas: 14464)
[PASS] test_runRouteIsNotCallableExternally() (gas: 16926)
[PASS] test_unlockCallbackIsNotCallableExternally() (gas: 10969)
[PASS] test_unrealisableMinOutReverts() (gas: 184072)
[PASS] test_zeroProbeGasReverts() (gas: 32086)
Suite result: ok. 11 passed; 0 failed; 0 skipped; finished in 498.22ms (1.14s CPU time)

Ran 8 test suites in 498.94ms (1.18s CPU time): 64 tests passed, 0 failed, 0 skipped (64 total tests)
  ok  unit, fuzz and invariant tests pass
==> every modelled attack has a test
  ok  all twelve attacker capabilities from THREAT_MODEL.md are covered
==> the safety net itself is tested
  ok  Divergence assertion is exercised by a hook that defeats the probe
==> coverage on SwornRouter
    SwornRouter lines 141/150 = 94.00%
  ok  line coverage >= 90%
==> gas table
      baseline (NaiveRouter, 1 pool, no probe): 111553
      swornSwap candidates: 1
         gas: 204270
         overhead vs naive: 92717
  ok  probe overhead measured against a slippage-only router
